I"Ô'<p>https://packagist.org/packages/gordalina/cachetool
   opcacheæ˜¯ä¸ªæå‡phpæ€§èƒ½çš„åˆ©å™¨ï¼Œä½†æ˜¯åœ¨çº¿ä¸ŠæœåŠ¡å™¨çœŸå®é‡åˆ°è¿‡å¶å°”å‡ å°æœåŠ¡å™¨ä»£ç ä¸Šçº¿åï¼Œä¸€ç›´æ²¡æœ‰ç”Ÿæ•ˆï¼ŒæŸ¥çœ‹opcacheçš„é…ç½®ä¹Ÿæ²¡æœ‰é—®é¢˜ã€‚åæ¥æ²¡æœ‰åŠæ³•ï¼Œå°±åœ¨ä¸Šçº¿æ­¥éª¤ä¸­å¢åŠ äº†é‡å¯php-fpmçš„æ“ä½œã€‚ä»Šå¤©å‘ç°äº†ä¸€ä¸ªå°å·¥å…·cachetoolã€‚å¯ä»¥æ–¹ä¾¿çš„ä½¿ç”¨å‘½ä»¤è¡Œæ¸…é™¤opcacheçš„ç¼“å­˜ã€‚
    å½“ç„¶é™¤äº†é‡å¯php-fpmçš„è¿›ç¨‹å¯ä»¥æ¸…ç†opcacheç¼“å­˜å¤–ï¼Œopcacheæœ¬èº«æ˜¯æ”¯æŒæ¸…é™¤ç¼“å­˜çš„ã€‚æ‰‹åŠ¨æ¸…ç†ç¼“å­˜æ¶‰åŠåˆ°çš„opcacheå‡½æ•°ä¸»è¦ä¸ºï¼šopcache_reset()å’Œopcache_invalidate() ã€‚    ä½†æ˜¯opcache_reset()æ˜¯phpä¸­çš„å‡½æ•°ï¼Œéœ€è¦åœ¨phpè„šæœ¬ä¸­æ‰§è¡Œï¼Œå¦å¤–å½“PHPä»¥PHP-FPMçš„æ–¹å¼è¿è¡Œçš„æ—¶å€™ï¼Œopcacheçš„ç¼“å­˜æ˜¯æ— æ³•é€šè¿‡phpå‘½ä»¤è¿›è¡Œæ¸…é™¤çš„ï¼Œåªèƒ½é€šè¿‡httpæˆ–cgiåˆ°php-fpmè¿›ç¨‹çš„æ–¹å¼æ¥æ¸…é™¤ç¼“å­˜ã€‚
    å¦‚æœæ˜¯unix sockæ–¹å¼ä¹Ÿå¯ä»¥
    php cachetool.phar opcache:status â€“fcgi=/var/run/php5-fpm.sock
<!-- more -->
    è€Œopcache_invalidate åºŸé™¤æŒ‡å®šè„šæœ¬ç¼“å­˜æ˜¯ä½¿æŒ‡å®šè„šæœ¬çš„å­—èŠ‚ç ç¼“å­˜å¤±æ•ˆã€‚å¯ç”¨äºæ˜ç¡®æ›´æ–°çš„ä»£ç æ–‡ä»¶åˆ—è¡¨æ—¶ä½¿ç”¨ï¼Œä½†ä¸æ–¹ä¾¿æ¸…é™¤æ•´ä¸ªè„šæœ¬çš„ç¼“å­˜ã€‚cachetoolä½¿ç”¨èµ·æ¥ä¹Ÿéå¸¸æ–¹ä¾¿ã€‚å¦‚ä¸‹ï¼š</p>

<p>#ä¸éœ€è¦å®‰è£…ä¸‹è½½ä¸‹æ¥å³å¯ä½¿ç”¨
sudo mkdir /opt/modules/cachetool
cd /opt/modules/cachetool
#ä¸‹è½½æ–‡ä»¶å¹¶å¢åŠ å¯æ‰§è¡Œæƒé™
sudo curl -sO http://gordalina.github.io/cachetool/downloads/cachetool.phar
sudo chmod +x cachetool.phar
#æŸ¥çœ‹å½“å‰çš„opcacheé…ç½®
[onlinedev@BFG-OSER-4471 ~]$ php /opt/modules/cachetool/cachetool.phar opcache:configuration â€“fcgi=127.0.0.1:9000
Zend OPcache 7.0.10
+â€”â€”â€”â€”â€”â€”â€”â€”â€”â€”â€”â€”â€”+â€”â€”â€”â€”â€”â€”â€”-+
| Directive                             | Value                |
+â€”â€”â€”â€”â€”â€”â€”â€”â€”â€”â€”â€”â€”+â€”â€”â€”â€”â€”â€”â€”-+
| opcache.enable                        | true                 |
| opcache.enable_cli                    | false                |
| opcache.use_cwd                       | true                 |
| opcache.validate_timestamps           | true                 |
| opcache.inherited_hack                | true                 |
| opcache.dups_fix                      | false                |
| opcache.revalidate_path               | false                |
| opcache.log_verbosity_level           | 1                    |
| opcache.memory_consumption            | 1073741824           |
| opcache.interned_strings_buffer       | 30                   |
| opcache.max_accelerated_files         | 4000                 |
| opcache.max_wasted_percentage         | 0.050000000000000003 |
| opcache.consistency_checks            | 0                    |
| opcache.force_restart_timeout         | 180                  |
| opcache.revalidate_freq               | 180                  |
| opcache.preferred_memory_model        | â€˜â€™                   |
| opcache.blacklist_filename            | â€˜â€™                   |
| opcache.max_file_size                 | 0                    |
| opcache.error_log                     | â€˜â€™                   |
| opcache.protect_memory                | false                |
| opcache.save_comments                 | false                |
| opcache.fast_shutdown                 | true                 |
| opcache.enable_file_override          | false                |
| opcache.optimization_level            | 2147467263           |
| opcache.lockfile_path                 | â€˜/tmpâ€™               |
| opcache.file_cache                    | â€˜â€™                   |
| opcache.file_cache_only               | false                |
| opcache.file_cache_consistency_checks | true                 |
+â€”â€”â€”â€”â€”â€”â€”â€”â€”â€”â€”â€”â€”+â€”â€”â€”â€”â€”â€”â€”-+
#åˆ—è¡¨æŸ¥çœ‹opcacheç¼“å­˜çš„è„šæœ¬
[onlinedev@BFG-OSER-4471 ~]$ php /opt/modules/cachetool/cachetool.phar opcache:status:scripts â€“fcgi=127.0.0.1:9000
+â€”â€”+â€”â€”â€”â€“+â€”â€”â€”â€”â€”â€”â€”â€”â€”â€”â€”â€”â€”â€”â€”â€”â€”â€”â€”â€”â€”â€”â€”â€”â€”+
| Hits | Memory    | Filename                                                                  |
+â€”â€”+â€”â€”â€”â€“+â€”â€”â€”â€”â€”â€”â€”â€”â€”â€”â€”â€”â€”â€”â€”â€”â€”â€”â€”â€”â€”â€”â€”â€”â€”+
| 8    | 4.16 KiB  | /opt/data/api/revs/r201710111538_1367/vendor/composer/autoload_static.php |
| 8    | 5.95 KiB  | /opt/data/api/revs/r201710111538_1367/www/index.php                       |
| 8    | 23.85 KiB | /opt/data/api/revs/r201710111538_1367/conf/Config.php                     |
| 8    | 848 b     | /opt/data/api/revs/r201710111538_1367/vendor/autoload.php                 |
| 8    | 84.88 KiB | /opt/data/api/revs/r201710111538_1367/lib/util/Params.php                 |
| 8    | 30.48 KiB | /opt/data/api/revs/r201710111538_1367/lib/Log.php                         |
| 8    | 6.34 KiB  | /opt/data/api/revs/r201710111538_1367/vendor/composer/autoload_real.php   |
| 8    | 51.69 KiB | /opt/data/api/revs/r201710111538_1367/app/controller/DebugController.php  |
| 8    | 6.48 KiB  | /opt/data/api/revs/r201710111538_1367/lib/Controller.php                  |
| 8    | 23.84 KiB | /opt/data/api/revs/r201710111538_1367/vendor/composer/ClassLoader.php     |
+â€”â€”+â€”â€”â€”â€“+â€”â€”â€”â€”â€”â€”â€”â€”â€”â€”â€”â€”â€”â€”â€”â€”â€”â€”â€”â€”â€”â€”â€”â€”â€”+
#æŸ¥çœ‹å½“å‰çš„opcacheç¼“å­˜çš„ç»Ÿè®¡ä¿¡æ¯
[onlinedev@BFG-OSER-4471 ~]$ php /opt/modules/cachetool/cachetool.phar opcache:status â€“fcgi=127.0.0.1:9000     <br />
+â€”â€”â€”â€”â€”â€”â€”-+â€”â€”â€”â€”â€”â€”â€”â€”â€”â€”â€”+
| Name                 | Value                           |
+â€”â€”â€”â€”â€”â€”â€”-+â€”â€”â€”â€”â€”â€”â€”â€”â€”â€”â€”+
| Enabled              | Yes                             |
| Cache full           | No                              |
| Restart pending      | No                              |
| Restart in progress  | No                              |
| Memory used          | 66.66 MiB                       |
| Memory free          | 957.34 MiB                      |
| Memory wasted (%)    | 0 b (0%)                        |
| Strings buffer size  | 30 MiB                          |
| Strings memory used  | 221.27 KiB                      |
| Strings memory free  | 29.78 MiB                       |
| Number of strings    | 5501                            |
+â€”â€”â€”â€”â€”â€”â€”-+â€”â€”â€”â€”â€”â€”â€”â€”â€”â€”â€”+
| Cached scripts       | 10                              |
| Cached keys          | 16                              |
| Max cached keys      | 7963                            |
| Start time           | Wed, 11 Oct 2017 03:30:16 +0000 |
| Last restart time    | Wed, 11 Oct 2017 07:38:20 +0000 |
| Oom restarts         | 0                               |
| Hash restarts        | 0                               |
| Manual restarts      | 4                               |
| Hits                 | 100                             |
| Misses               | 22                              |
| Blacklist misses (%) | 0 (0%)                          |
| Opcache hit rate     | 81.967213114754                 |
+â€”â€”â€”â€”â€”â€”â€”-+â€”â€”â€”â€”â€”â€”â€”â€”â€”â€”â€”+
#æ‰§è¡Œæ¸…ç†opcacheç¼“å­˜
[onlinedev@BFG-OSER-4471 ~]$ php /opt/modules/cachetool/cachetool.phar opcache:reset â€“fcgi=127.0.0.1:9000 <br />
#å†æ¬¡æŸ¥çœ‹opcacheç¼“å­˜ä¿¡æ¯ï¼Œä¼šå‘ç°Cached scriptså·²è¢«æ¸…ç©ºã€‚                             <br />
[onlinedev@BFG-OSER-4471 ~]$ php /opt/modules/cachetool/cachetool.phar opcache:status â€“fcgi=127.0.0.1:9000     <br />
+â€”â€”â€”â€”â€”â€”â€”-+â€”â€”â€”â€”â€”â€”â€”â€”â€”â€”â€”+
| Name                 | Value                           |
+â€”â€”â€”â€”â€”â€”â€”-+â€”â€”â€”â€”â€”â€”â€”â€”â€”â€”â€”+
| Enabled              | Yes                             |
| Cache full           | No                              |
| Restart pending      | No                              |
| Restart in progress  | No                              |
| Memory used          | 66.43 MiB                       |
| Memory free          | 957.57 MiB                      |
| Memory wasted (%)    | 0 b (0%)                        |
| Strings buffer size  | 30 MiB                          |
| Strings memory used  | 171.92 KiB                      |
| Strings memory free  | 29.83 MiB                       |
| Number of strings    | 4283                            |
+â€”â€”â€”â€”â€”â€”â€”-+â€”â€”â€”â€”â€”â€”â€”â€”â€”â€”â€”+
| Cached scripts       | 0                               |
| Cached keys          | 0                               |
| Max cached keys      | 7963                            |
| Start time           | Wed, 11 Oct 2017 03:30:16 +0000 |
| Last restart time    | Wed, 11 Oct 2017 08:36:17 +0000 |
| Oom restarts         | 0                               |
| Hash restarts        | 0                               |
| Manual restarts      | 5                               |
| Hits                 | 0                               |
| Misses               | 2                               |
| Blacklist misses (%) | 0 (0%)                          |
| Opcache hit rate     | 0                               |
+â€”â€”â€”â€”â€”â€”â€”-+â€”â€”â€”â€”â€”â€”â€”â€”â€”â€”â€”+ cachetoolé™¤äº†å¯æ“ä½œopcacheç¼“å­˜å¤–ï¼Œè¿˜å¯ä»¥æ“ä½œapcç¼“å­˜ã€‚æ‰€æœ‰çš„æ–¹æ³•åˆ—è¡¨å¦‚ä¸‹.
å®˜æ–¹æ–‡æ¡£åœ°å€ï¼šhttp://gordalina.github.io/cachetool/
apc
  apc:bin:dump             Get a binary dump of files and user variables
  apc:bin:load             Load a binary dump into the APC file and user variables
  apc:cache:clear          Clears APC cache (user, system or all)
  apc:cache:info           Shows APC user &amp; system cache information
  apc:cache:info:file      Shows APC file cache information
  apc:key:delete           Deletes an APC key
  apc:key:exists           Checks if an APC key exists
  apc:key:fetch            Shows the content of an APC key
  apc:key:store            Store an APC key with given value
  apc:sma:info             Show APC shared memory allocation information
opcache
  opcache:configuration    Get configuration information about the cache
  opcache:reset            Resets the contents of the opcode cache
  opcache:status           Show summary information about the opcode cache
  opcache:status:scripts   Show scripts in the opcode cache</p>
:ET